../../build/current/solver/680/unxlngi6.pro/inc
../../build/current/io/inc
../../build/current/io/unxlngi6.pro/inc
../../build/current/sc/inc
../../build/current/sc/addin/inc
../../build/current/sc/source/ui/inc
../../build/current/sc/source/core/inc
../../build/current/sc/source/filter/inc
../../build/current/sc/unxlngi6.pro/inc
../../build/current/sd/inc
../../build/current/sd/source/ui/inc
../../build/current/sd/source/ui/slidesorter/inc
../../build/current/sd/unxlngi6.pro/inc
../../build/current/sw/inc
../../build/current/sw/source/ui/inc
../../build/current/sw/source/core/inc
../../build/current/sw/source/filter/inc
../../build/current/sw/unxlngi6.pro/inc
../../build/current/xt/unxlngi6.pro/inc
../../build/current/agg/inc
../../build/current/icu/unxlngi6.pro/inc
../../build/current/idl/inc
../../build/current/idl/unxlngi6.pro/inc
../../build/current/jut/unxlngi6.pro/inc
../../build/current/nas/unxlngi6.pro/inc
../../build/current/odk/inc
../../build/current/sal/qa/inc
../../build/current/sal/inc
../../build/current/sal/unxlngi6.pro/inc
../../build/current/sax/unxlngi6.pro/inc
../../build/current/sch/inc
../../build/current/sch/source/ui/inc
../../build/current/sch/unxlngi6.pro/inc
../../build/current/sj2/inc
../../build/current/sj2/source/inc
../../build/current/sj2/unxlngi6.pro/inc
../../build/current/rsc/inc
../../build/current/rsc/unxlngi6.pro/inc
../../build/current/so3/inc
../../build/current/so3/unxlngi6.pro/inc
../../build/current/sot/inc
../../build/current/sot/unxlngi6.pro/inc
../../build/current/svx/inc
../../build/current/svx/source/inc
../../build/current/svx/source/unodialogs/inc
../../build/current/svx/unxlngi6.pro/inc
../../build/current/ucb/inc
../../build/current/ucb/source/inc
../../build/current/ucb/unxlngi6.pro/inc
../../build/current/udm/inc
../../build/current/udm/source/inc
../../build/current/vcl/inc
../../build/current/vcl/unx/inc
../../build/current/vcl/unx/source/inc
../../build/current/vcl/win/inc
../../build/current/vcl/aqua/inc
../../build/current/vcl/unxlngi6.pro/inc
../../build/current/ure/unxlngi6.pro/inc
../../build/current/uui/unxlngi6.pro/inc
../../build/current/vos/inc
../../build/current/vos/unxlngi6.pro/inc
../../build/current/dbaccess/inc
../../build/current/dbaccess/source/ui/inc
../../build/current/dbaccess/source/inc
../../build/current/dbaccess/source/core/inc
../../build/current/dbaccess/source/sdbtools/inc
../../build/current/dbaccess/unxlngi6.pro/inc
../../build/current/transex3/inc
../../build/current/transex3/unxlngi6.pro/inc
../../build/current/bean/unxlngi6.pro/inc
../../build/current/cosv/inc
../../build/current/cosv/source/inc
../../build/current/cppu/inc
../../build/current/cppu/unxlngi6.pro/inc
../../build/current/idlc/inc
../../build/current/idlc/unxlngi6.pro/inc
../../build/current/o3tl/inc
../../build/current/o3tl/unxlngi6.pro/inc
../../build/current/jurt/unxlngi6.pro/inc
../../build/current/sane/inc
../../build/current/scp2/inc
../../build/current/scp2/unxlngi6.pro/inc
../../build/current/sfx2/inc
../../build/current/sfx2/source/inc
../../build/current/sfx2/unxlngi6.pro/inc
../../build/current/stoc/inc
../../build/current/stoc/unxlngi6.pro/inc
../../build/current/framework/inc
../../build/current/framework/source/inc
../../build/current/framework/unxlngi6.pro/inc
../../build/current/desktop/inc
../../build/current/desktop/source/inc
../../build/current/desktop/source/deployment/inc
../../build/current/desktop/source/deployment/registry/inc
../../build/current/desktop/unxlngi6.pro/inc
../../build/current/external/unxlngi6.pro/inc
../../build/current/xml2cmp/source/inc
../../build/current/xml2cmp/unxlngi6.pro/inc
../../build/current/xmlhelp/inc
../../build/current/xmlhelp/unxlngi6.pro/inc
../../build/current/soltools/inc
../../build/current/soltools/testSHL/inc
../../build/current/soltools/unxlngi6.pro/inc
../../build/current/unixODBC/inc
../../build/current/basic/inc
../../build/current/basic/source/inc
../../build/current/basic/unxlngi6.pro/inc
../../build/current/boost/unxlngi6.pro/inc
../../build/current/XmlSearch/unxlngi6.pro/inc
../../build/current/fondu/unxlngi6.pro/inc
../../build/current/forms/inc
../../build/current/forms/source/inc
../../build/current/forms/source/solar/inc
../../build/current/forms/unxlngi6.pro/inc
../../build/current/ridljar/unxlngi6.pro/inc
../../build/current/offuh/unxlngi6.pro/inc
../../build/current/pyuno/inc
../../build/current/pyuno/unxlngi6.pro/inc
../../build/current/shell/inc
../../build/current/shell/unxlngi6.pro/inc
../../build/current/store/inc
../../build/current/store/unxlngi6.pro/inc
../../build/current/sysui/unxlngi6.pro/inc
../../build/current/tools/inc
../../build/current/tools/win/inc
../../build/current/tools/unxlngi6.pro/inc
../../build/current/twain/inc
../../build/current/unoil/unxlngi6.pro/inc
../../build/current/cppcanvas/inc
../../build/current/cppcanvas/source/inc
../../build/current/cppcanvas/unxlngi6.pro/inc
../../build/current/sandbox/unxlngi6.pro/inc
../../build/current/eventattacher/unxlngi6.pro/inc
../../build/current/unotools/inc
../../build/current/unotools/unxlngi6.pro/inc
../../build/current/scaddins/unxlngi6.pro/inc
../../build/current/javaunohelper/inc
../../build/current/javaunohelper/unxlngi6.pro/inc
../../build/current/configmgr/inc
../../build/current/configmgr/source/inc
../../build/current/configmgr/unxlngi6.pro/inc
../../build/current/hwpfilter/inc
../../build/current/hwpfilter/unxlngi6.pro/inc
../../build/current/libxmlsec/unxlngi6.pro/inc
../../build/current/jvmaccess/inc
../../build/current/jvmaccess/unxlngi6.pro/inc
../../build/current/comphelper/inc
../../build/current/comphelper/unxlngi6.pro/inc
../../build/current/helpcontent2/unxlngi6.pro/inc
../../build/current/animations/inc
../../build/current/animations/unxlngi6.pro/inc
../../build/current/fileaccess/unxlngi6.pro/inc
../../build/current/i18npool/inc
../../build/current/i18npool/unxlngi6.pro/inc
../../build/current/i18nutil/inc
../../build/current/i18nutil/unxlngi6.pro/inc
../../build/current/accessibility/inc
../../build/current/accessibility/unxlngi6.pro/inc
../../build/current/testshl2/inc
../../build/current/testshl2/source/inc
../../build/current/testshl2/unxlngi6.pro/inc
../../build/current/lpsolve/unxlngi6.pro/inc
../../build/current/setup_native/inc
../../build/current/setup_native/unxlngi6.pro/inc
../../build/current/embedserv/source/inc
../../build/current/psprint_config/unxlngi6.pro/inc
../../build/current/basctl/inc
../../build/current/basctl/source/inc
../../build/current/basctl/unxlngi6.pro/inc
../../build/current/cpputools/unxlngi6.pro/inc
../../build/current/stlport/unxlngi6.pro/inc
../../build/current/canvas/inc
../../build/current/canvas/unxlngi6.pro/inc
../../build/current/embeddedobj/inc
../../build/current/embeddedobj/source/inc
../../build/current/embeddedobj/unxlngi6.pro/inc
../../build/current/chart2/inc
../../build/current/chart2/source/inc
../../build/current/chart2/source/view/inc
../../build/current/chart2/source/model/inc
../../build/current/chart2/source/controller/inc
../../build/current/chart2/unxlngi6.pro/inc
../../build/current/scsolver/source/inc
../../build/current/scsolver/unxlngi6.pro/inc
../../build/current/automation/inc
../../build/current/automation/source/inc
../../build/current/automation/unxlngi6.pro/inc
../../build/current/portaudio/unxlngi6.pro/inc
../../build/current/svtools/inc
../../build/current/svtools/unx/inc
../../build/current/svtools/source/inc
../../build/current/svtools/unxlngi6.pro/inc
../../build/current/dtrans/inc
../../build/current/dtrans/source/inc
../../build/current/dtrans/unxlngi6.pro/inc
../../build/current/x11_extensions/inc
../../build/current/fpicker/inc
../../build/current/fpicker/unxlngi6.pro/inc
../../build/current/filter/inc
../../build/current/filter/unxlngi6.pro/inc
../../build/current/extras/unxlngi6.pro/inc
../../build/current/writerperfect/unxlngi6.pro/inc
../../build/current/toolkit/inc
../../build/current/toolkit/unxlngi6.pro/inc
../../build/current/officecfg/unxlngi6.pro/inc
../../build/current/unodevtools/inc
../../build/current/unodevtools/unxlngi6.pro/inc
../../build/current/cppuhelper/inc
../../build/current/cppuhelper/unxlngi6.pro/inc
../../build/current/jvmfwk/inc
../../build/current/jvmfwk/unxlngi6.pro/inc
../../build/current/layout/inc
../../build/current/layout/unxlngi6.pro/inc
../../build/current/linguistic/inc
../../build/current/linguistic/unxlngi6.pro/inc
../../build/current/libegg/inc
../../build/current/libegg/unxlngi6.pro/inc
../../build/current/libwpd/unxlngi6.pro/inc
../../build/current/libwpg/unxlngi6.pro/inc
../../build/current/libwps/unxlngi6.pro/inc
../../build/current/lingucomponent/inc
../../build/current/lingucomponent/unxlngi6.pro/inc
../../build/current/np_sdk/unxlngi6.pro/inc
../../build/current/offapi/unxlngi6.pro/inc
../../build/current/xmlsecurity/inc
../../build/current/xmlsecurity/unxlngi6.pro/inc
../../build/current/padmin/unxlngi6.pro/inc
../../build/current/goodies/inc
../../build/current/goodies/unxlngi6.pro/inc
../../build/current/regexp/inc
../../build/current/regexp/unxlngi6.pro/inc
../../build/current/ucbhelper/inc
../../build/current/ucbhelper/unxlngi6.pro/inc
../../build/current/berkeleydb/unxlngi6.pro/inc
../../build/current/UnoControls/inc
../../build/current/UnoControls/source/inc
../../build/current/UnoControls/unxlngi6.pro/inc
../../build/current/msfontextract/unxlngi6.pro/inc
../../build/current/solenv/inc
../../build/current/solenv/unxmacxp/inc
../../build/current/solver/680/unxlngi6.pro/inc
../../build/current/postprocess/unxlngi6.pro/inc
../../build/current/udkapi/unxlngi6.pro/inc
../../build/current/unoxml/unxlngi6.pro/inc
../../build/current/starmath/inc
../../build/current/starmath/unxlngi6.pro/inc
../../build/current/mdbtools/unxlngi6.pro/inc
../../build/current/basebmp/inc
../../build/current/basegfx/inc
../../build/current/basegfx/source/inc
../../build/current/basegfx/unxlngi6.pro/inc
../../build/current/xmerge/inc
../../build/current/xmerge/source/inc
../../build/current/xmerge/unxlngi6.pro/inc
../../build/current/xmloff/inc
../../build/current/xmloff/unxlngi6.pro/inc
../../build/current/oovbaapi/unxlngi6.pro/inc
../../build/current/package/inc
../../build/current/package/unxlngi6.pro/inc
../../build/current/extensions/inc
../../build/current/extensions/source/inc
../../build/current/extensions/source/plugin/inc
../../build/current/extensions/unxlngi6.pro/inc
../../build/current/codemaker/inc
../../build/current/codemaker/unxlngi6.pro/inc
../../build/current/salhelper/inc
../../build/current/salhelper/unxlngi6.pro/inc
../../build/current/rdbmaker/inc
../../build/current/rdbmaker/unxlngi6.pro/inc
../../build/current/instsetoo_native/unxlngi6.pro/inc
../../build/current/autodoc/inc
../../build/current/autodoc/source/ary/inc
../../build/current/autodoc/source/inc
../../build/current/autodoc/source/display/inc
../../build/current/autodoc/source/parser_i/inc
../../build/current/autodoc/source/parser/inc
../../build/current/avmedia/inc
../../build/current/avmedia/source/inc
../../build/current/avmedia/unxlngi6.pro/inc
../../build/current/lotuswordpro/unxlngi6.pro/inc
../../build/current/remotebridges/unxlngi6.pro/inc
../../build/current/slideshow/inc
../../build/current/slideshow/source/inc
../../build/current/slideshow/unxlngi6.pro/inc
../../build/current/connectivity/inc
../../build/current/connectivity/source/inc
../../build/current/connectivity/unxlngi6.pro/inc
../../build/current/readlicense_oo/unxlngi6.pro/inc
../../build/current/scripting/inc
../../build/current/scripting/source/inc
../../build/current/scripting/unxlngi6.pro/inc
../../build/current/wizards/unxlngi6.pro/inc
../../build/current/xmlscript/inc
../../build/current/xmlscript/source/inc
../../build/current/xmlscript/unxlngi6.pro/inc
../../build/current/bridges/inc
../../build/current/bridges/unxlngi6.pro/inc
../../build/current/testtools/inc
../../build/current/testtools/unxlngi6.pro/inc
../../build/current/registry/inc
../../build/current/registry/unxlngi6.pro/inc
../../build/current/cli_ure/inc
../../build/current/cli_ure/unxlngi6.pro/inc
../../build/current/psprint/inc
../../build/current/psprint/unxlngi6.pro/inc
