../../build/current/sw/sdi/swslots.src
../../build/current/sw/util/hidother.src
../../build/current/sw/source/ui/app/mn.src
../../build/current/sw/source/ui/app/app.src
../../build/current/sw/source/ui/app/error.src
../../build/current/sw/source/ui/web/web.src
../../build/current/sw/source/ui/dbui/addresslistdialog.src
../../build/current/sw/source/ui/dbui/customizeaddresslistdialog.src
../../build/current/sw/source/ui/dbui/mailmergewizard.src
../../build/current/sw/source/ui/dbui/mmlayoutpage.src
../../build/current/sw/source/ui/dbui/dbui.src
../../build/current/sw/source/ui/dbui/createaddresslistdialog.src
../../build/current/sw/source/ui/dbui/mmoutputpage.src
../../build/current/sw/source/ui/dbui/dbtablepreviewdialog.src
../../build/current/sw/source/ui/dbui/mmmergepage.src
../../build/current/sw/source/ui/dbui/dbinsdlg.src
../../build/current/sw/source/ui/dbui/selectdbtabledialog.src
../../build/current/sw/source/ui/dbui/mmoutputtypepage.src
../../build/current/sw/source/ui/dbui/mailmergechildwindow.src
../../build/current/sw/source/ui/dbui/mmpreparemergepage.src
../../build/current/sw/source/ui/dbui/mmdocselectpage.src
../../build/current/sw/source/ui/dbui/mmgreetingspage.src
../../build/current/sw/source/ui/dbui/mmaddressblockpage.src
../../build/current/sw/source/ui/misc/linenum.src
../../build/current/sw/source/ui/misc/outline.src
../../build/current/sw/source/ui/misc/glosbib.src
../../build/current/sw/source/ui/misc/pgfnote.src
../../build/current/sw/source/ui/misc/redlndlg.src
../../build/current/sw/source/ui/misc/glossary.src
../../build/current/sw/source/ui/misc/numberingtypelistbox.src
../../build/current/sw/source/ui/misc/autocorr.src
../../build/current/sw/source/ui/misc/insfnote.src
../../build/current/sw/source/ui/misc/srtdlg.src
../../build/current/sw/source/ui/misc/num.src
../../build/current/sw/source/ui/misc/pggrid.src
../../build/current/sw/source/ui/misc/bookmark.src
../../build/current/sw/source/ui/misc/docfnote.src
../../build/current/sw/source/ui/misc/insrule.src
../../build/current/sw/source/ui/docvw/docvw.src
../../build/current/sw/source/ui/docvw/access.src
../../build/current/sw/source/ui/fldui/javaedit.src
../../build/current/sw/source/ui/fldui/fldref.src
../../build/current/sw/source/ui/fldui/fldtdlg.src
../../build/current/sw/source/ui/fldui/fldfunc.src
../../build/current/sw/source/ui/fldui/flddok.src
../../build/current/sw/source/ui/fldui/flddinf.src
../../build/current/sw/source/ui/fldui/inpdlg.src
../../build/current/sw/source/ui/fldui/flddb.src
../../build/current/sw/source/ui/fldui/changedb.src
../../build/current/sw/source/ui/fldui/fldvar.src
../../build/current/sw/source/ui/fldui/DropDownFieldDialog.src
../../build/current/sw/source/ui/fldui/fldui.src
../../build/current/sw/source/ui/fmtui/tmpdlg.src
../../build/current/sw/source/ui/fmtui/fmtui.src
../../build/current/sw/source/ui/index/cnttab.src
../../build/current/sw/source/ui/index/multmrk.src
../../build/current/sw/source/ui/index/idxmrk.src
../../build/current/sw/source/ui/lingu/olmenu.src
../../build/current/sw/source/ui/table/colwd.src
../../build/current/sw/source/ui/table/rowht.src
../../build/current/sw/source/ui/table/tautofmt.src
../../build/current/sw/source/ui/table/splittbl.src
../../build/current/sw/source/ui/table/chartins.src
../../build/current/sw/source/ui/table/tabledlg.src
../../build/current/sw/source/ui/table/split.src
../../build/current/sw/source/ui/table/convert.src
../../build/current/sw/source/ui/table/insrc.src
../../build/current/sw/source/ui/table/table.src
../../build/current/sw/source/ui/table/mergetbl.src
../../build/current/sw/source/ui/table/instable.src
../../build/current/sw/source/ui/utlui/utlui.src
../../build/current/sw/source/ui/utlui/initui.src
../../build/current/sw/source/ui/utlui/navipi.src
../../build/current/sw/source/ui/utlui/attrdesc.src
../../build/current/sw/source/ui/utlui/gloslst.src
../../build/current/sw/source/ui/utlui/poolfmt.src
../../build/current/sw/source/ui/utlui/unotools.src
../../build/current/sw/source/ui/wrtsh/wrtsh.src
../../build/current/sw/source/ui/chrdlg/chardlg.src
../../build/current/sw/source/ui/chrdlg/swbreak.src
../../build/current/sw/source/ui/chrdlg/ccoll.src
../../build/current/sw/source/ui/chrdlg/paradlg.src
../../build/current/sw/source/ui/chrdlg/drpcps.src
../../build/current/sw/source/ui/chrdlg/chrdlg.src
../../build/current/sw/source/ui/chrdlg/numpara.src
../../build/current/sw/source/ui/config/mailconfigpage.src
../../build/current/sw/source/ui/config/optcomp.src
../../build/current/sw/source/ui/config/optdlg.src
../../build/current/sw/source/ui/config/optload.src
../../build/current/sw/source/ui/config/redlopt.src
../../build/current/sw/source/ui/dialog/abstract.src
../../build/current/sw/source/ui/dialog/docstdlg.src
../../build/current/sw/source/ui/dialog/ascfldlg.src
../../build/current/sw/source/ui/dialog/dialog.src
../../build/current/sw/source/ui/dialog/regionsw.src
../../build/current/sw/source/ui/dialog/wordcountdialog.src
../../build/current/sw/source/ui/dochdl/dochdl.src
../../build/current/sw/source/ui/dochdl/selglos.src
../../build/current/sw/source/ui/envelp/mailmrge.src
../../build/current/sw/source/ui/envelp/envelp.src
../../build/current/sw/source/ui/envelp/labprt.src
../../build/current/sw/source/ui/envelp/envlop.src
../../build/current/sw/source/ui/envelp/label.src
../../build/current/sw/source/ui/envelp/envfmt.src
../../build/current/sw/source/ui/envelp/labfmt.src
../../build/current/sw/source/ui/envelp/envprt.src
../../build/current/sw/source/ui/smartmenu/stmenu.src
../../build/current/sw/source/ui/frmdlg/frmpage.src
../../build/current/sw/source/ui/frmdlg/cption.src
../../build/current/sw/source/ui/frmdlg/column.src
../../build/current/sw/source/ui/frmdlg/wrap.src
../../build/current/sw/source/ui/frmdlg/frmui.src
../../build/current/sw/source/ui/globdoc/globdoc.src
../../build/current/sw/source/ui/ribbar/tbxanchr.src
../../build/current/sw/source/ui/ribbar/workctrl.src
../../build/current/sw/source/ui/ribbar/inputwin.src
../../build/current/sw/source/ui/ribbar/tblctrl.src
../../build/current/sw/source/ui/shells/shells.src
../../build/current/sw/source/ui/uiview/pview.src
../../build/current/sw/source/ui/uiview/view.src
../../build/current/sw/source/core/undo/undo.src
