../../build/current/sc/util/hidother.src
../../build/current/sc/addin/datefunc/dfa.src
../../build/current/sc/addin/rot13/rot13.src
../../build/current/sc/source/ui/src/crnrdlg.src
../../build/current/sc/source/ui/src/hdrcont.src
../../build/current/sc/source/ui/src/solvrdlg.src
../../build/current/sc/source/ui/src/miscdlgs.src
../../build/current/sc/source/ui/src/tabopdlg.src
../../build/current/sc/source/ui/src/popup.src
../../build/current/sc/source/ui/src/autofmt.src
../../build/current/sc/source/ui/src/toolbox.src
../../build/current/sc/source/ui/src/opredlin.src
../../build/current/sc/source/ui/src/namedlg.src
../../build/current/sc/source/ui/src/sortdlg.src
../../build/current/sc/source/ui/src/textdlgs.src
../../build/current/sc/source/ui/src/optdlg.src
../../build/current/sc/source/ui/src/scwarngs.src
../../build/current/sc/source/ui/src/scfuncs.src
../../build/current/sc/source/ui/src/filter.src
../../build/current/sc/source/ui/src/simpref.src
../../build/current/sc/source/ui/src/attrdlg.src
../../build/current/sc/source/ui/src/sc.src
../../build/current/sc/source/ui/src/globstr.src
../../build/current/sc/source/ui/src/scstring.src
../../build/current/sc/source/ui/src/dbnamdlg.src
../../build/current/sc/source/ui/src/subtdlg.src
../../build/current/sc/source/ui/src/pseudo.src
../../build/current/sc/source/ui/src/condfrmt.src
../../build/current/sc/source/ui/src/chartdlg.src
../../build/current/sc/source/ui/src/scerrors.src
../../build/current/sc/source/ui/dbgui/outline.src
../../build/current/sc/source/ui/dbgui/pvfundlg.src
../../build/current/sc/source/ui/dbgui/scendlg.src
../../build/current/sc/source/ui/dbgui/pivot.src
../../build/current/sc/source/ui/dbgui/dpgroupdlg.src
../../build/current/sc/source/ui/dbgui/dapitype.src
../../build/current/sc/source/ui/dbgui/imoptdlg.src
../../build/current/sc/source/ui/dbgui/consdlg.src
../../build/current/sc/source/ui/dbgui/validate.src
../../build/current/sc/source/ui/dbgui/asciiopt.src
../../build/current/sc/source/ui/drawfunc/objdraw.src
../../build/current/sc/source/ui/drawfunc/drformsh.src
../../build/current/sc/source/ui/styleui/scstyles.src
../../build/current/sc/source/ui/styleui/styledlg.src
../../build/current/sc/source/ui/formdlg/parawin.src
../../build/current/sc/source/ui/formdlg/dwfunctr.src
../../build/current/sc/source/ui/formdlg/formdlgs.src
../../build/current/sc/source/ui/navipi/navipi.src
../../build/current/sc/source/ui/miscdlgs/acredlin.src
../../build/current/sc/source/ui/miscdlgs/highred.src
../../build/current/sc/source/ui/miscdlgs/linkarea.src
../../build/current/sc/source/ui/miscdlgs/instbdlg.src
../../build/current/sc/source/ui/pagedlg/pagedlg.src
../../build/current/sc/source/ui/pagedlg/tphf.src
../../build/current/sc/source/ui/pagedlg/hfedtdlg.src
../../build/current/sc/source/ui/docshell/tpstat.src
../../build/current/sc/source/core/src/compiler.src
