../../build/current/sd/util/hidother.src
../../build/current/sd/source/ui/app/tbxids_tmpl.src
../../build/current/sd/source/ui/app/popup2_tmpl.src
../../build/current/sd/source/ui/app/popup.src
../../build/current/sd/source/ui/app/toolbox.src
../../build/current/sd/source/ui/app/menuids2_tmpl.src
../../build/current/sd/source/ui/app/sdstring.src
../../build/current/sd/source/ui/app/menu_tmpl.src
../../build/current/sd/source/ui/app/strings.src
../../build/current/sd/source/ui/app/menuids_tmpl.src
../../build/current/sd/source/ui/app/accel_tmpl.src
../../build/current/sd/source/ui/app/tbx_ww.src
../../build/current/sd/source/ui/app/accelids_tmpl.src
../../build/current/sd/source/ui/app/menuportal_tmpl.src
../../build/current/sd/source/ui/app/menuids3_tmpl.src
../../build/current/sd/source/ui/app/app.src
../../build/current/sd/source/ui/app/res_bmp.src
../../build/current/sd/source/ui/app/pseudo.src
../../build/current/sd/source/ui/app/menuids4_tmpl.src
../../build/current/sd/source/ui/app/toolbox2_tmpl.src
../../build/current/sd/source/ui/dlg/headerfooterdlg.src
../../build/current/sd/source/ui/dlg/dlgfield.src
../../build/current/sd/source/ui/dlg/sdobjpal.src
../../build/current/sd/source/ui/dlg/morphdlg.src
../../build/current/sd/source/ui/dlg/PaneDockingWindow.src
../../build/current/sd/source/ui/dlg/dlgsnap.src
../../build/current/sd/source/ui/dlg/tpoption.src
../../build/current/sd/source/ui/dlg/present.src
../../build/current/sd/source/ui/dlg/sdpreslt.src
../../build/current/sd/source/ui/dlg/dlgass.src
../../build/current/sd/source/ui/dlg/tpaction.src
../../build/current/sd/source/ui/dlg/prntopts.src
../../build/current/sd/source/ui/dlg/prltempl.src
../../build/current/sd/source/ui/dlg/custsdlg.src
../../build/current/sd/source/ui/dlg/inspagob.src
../../build/current/sd/source/ui/dlg/paragr.src
../../build/current/sd/source/ui/dlg/dlgpage.src
../../build/current/sd/source/ui/dlg/vectdlg.src
../../build/current/sd/source/ui/dlg/dlgolbul.src
../../build/current/sd/source/ui/dlg/copydlg.src
../../build/current/sd/source/ui/dlg/dlg_char.src
../../build/current/sd/source/ui/dlg/printdlg.src
../../build/current/sd/source/ui/dlg/ins_page.src
../../build/current/sd/source/ui/dlg/animobjs.src
../../build/current/sd/source/ui/dlg/ins_paste.src
../../build/current/sd/source/ui/dlg/tabtempl.src
../../build/current/sd/source/ui/dlg/LayerDialog.src
../../build/current/sd/source/ui/dlg/masterlayoutdlg.src
../../build/current/sd/source/ui/dlg/navigatr.src
../../build/current/sd/source/ui/dlg/brkdlg.src
../../build/current/sd/source/ui/slidesorter/shell/SlideSorterChildWindow.src
../../build/current/sd/source/ui/notes/NotesChildWindow.src
../../build/current/sd/source/ui/toolpanel/ToolPanelChildWindow.src
../../build/current/sd/source/ui/animations/CustomAnimationCreateDialog.src
../../build/current/sd/source/ui/animations/CustomAnimationDialog.src
../../build/current/sd/source/ui/animations/CustomAnimation.src
../../build/current/sd/source/ui/animations/CustomAnimationSchemesPane.src
../../build/current/sd/source/ui/animations/SlideTransitionPane.src
../../build/current/sd/source/ui/animations/AnimationSchemesPane.src
../../build/current/sd/source/ui/animations/CustomAnimationPane.src
../../build/current/sd/source/ui/accessibility/accessibility.src
../../build/current/sd/source/ui/slideshow/slideshow.src
../../build/current/sd/source/core/glob.src
../../build/current/sd/source/filter/html/pubdlg.src
../../build/current/sd/unxlngi6.pro/inc/menu.src
../../build/current/sd/unxlngi6.pro/inc/menuids2.src
../../build/current/sd/unxlngi6.pro/inc/menuids3.src
../../build/current/sd/unxlngi6.pro/inc/menuids4.src
../../build/current/sd/unxlngi6.pro/inc/popup2.src
../../build/current/sd/unxlngi6.pro/inc/toolbox2.src
../../build/current/sd/unxlngi6.pro/inc/accel.src
../../build/current/sd/unxlngi6.pro/inc/menuids.src
../../build/current/sd/unxlngi6.pro/inc/menuportal.src
../../build/current/sd/unxlngi6.pro/inc/accelids.src
../../build/current/sd/unxlngi6.pro/inc/tbxids.src
../../build/current/sd/unxlngi6.pro/misc/app/popup.src
../../build/current/sd/unxlngi6.pro/misc/app/toolbox.src
../../build/current/sd/unxlngi6.pro/misc/app/sdstring.src
../../build/current/sd/unxlngi6.pro/misc/app/strings.src
../../build/current/sd/unxlngi6.pro/misc/app/tbx_ww.src
../../build/current/sd/unxlngi6.pro/misc/app/app.src
../../build/current/sd/unxlngi6.pro/misc/app/res_bmp.src
../../build/current/sd/unxlngi6.pro/misc/app/pseudo.src
../../build/current/sd/unxlngi6.pro/misc/dlg/headerfooterdlg.src
../../build/current/sd/unxlngi6.pro/misc/dlg/dlgfield.src
../../build/current/sd/unxlngi6.pro/misc/dlg/morphdlg.src
../../build/current/sd/unxlngi6.pro/misc/dlg/PaneDockingWindow.src
../../build/current/sd/unxlngi6.pro/misc/dlg/dlgsnap.src
../../build/current/sd/unxlngi6.pro/misc/dlg/tpoption.src
../../build/current/sd/unxlngi6.pro/misc/dlg/present.src
../../build/current/sd/unxlngi6.pro/misc/dlg/sdpreslt.src
../../build/current/sd/unxlngi6.pro/misc/dlg/dlgass.src
../../build/current/sd/unxlngi6.pro/misc/dlg/tpaction.src
../../build/current/sd/unxlngi6.pro/misc/dlg/prntopts.src
../../build/current/sd/unxlngi6.pro/misc/dlg/prltempl.src
../../build/current/sd/unxlngi6.pro/misc/dlg/custsdlg.src
../../build/current/sd/unxlngi6.pro/misc/dlg/inspagob.src
../../build/current/sd/unxlngi6.pro/misc/dlg/paragr.src
../../build/current/sd/unxlngi6.pro/misc/dlg/dlgpage.src
../../build/current/sd/unxlngi6.pro/misc/dlg/vectdlg.src
../../build/current/sd/unxlngi6.pro/misc/dlg/dlgolbul.src
../../build/current/sd/unxlngi6.pro/misc/dlg/copydlg.src
../../build/current/sd/unxlngi6.pro/misc/dlg/dlg_char.src
../../build/current/sd/unxlngi6.pro/misc/dlg/printdlg.src
../../build/current/sd/unxlngi6.pro/misc/dlg/ins_page.src
../../build/current/sd/unxlngi6.pro/misc/dlg/animobjs.src
../../build/current/sd/unxlngi6.pro/misc/dlg/ins_paste.src
../../build/current/sd/unxlngi6.pro/misc/dlg/tabtempl.src
../../build/current/sd/unxlngi6.pro/misc/dlg/LayerDialog.src
../../build/current/sd/unxlngi6.pro/misc/dlg/masterlayoutdlg.src
../../build/current/sd/unxlngi6.pro/misc/dlg/navigatr.src
../../build/current/sd/unxlngi6.pro/misc/dlg/brkdlg.src
../../build/current/sd/unxlngi6.pro/misc/core/glob.src
../../build/current/sd/unxlngi6.pro/misc/html/pubdlg.src
../../build/current/sd/unxlngi6.pro/misc/notes/NotesChildWindow.src
../../build/current/sd/unxlngi6.pro/misc/accessibility/accessibility.src
../../build/current/sd/unxlngi6.pro/misc/animui/CustomAnimationCreateDialog.src
../../build/current/sd/unxlngi6.pro/misc/animui/CustomAnimationDialog.src
../../build/current/sd/unxlngi6.pro/misc/animui/CustomAnimation.src
../../build/current/sd/unxlngi6.pro/misc/animui/CustomAnimationSchemesPane.src
../../build/current/sd/unxlngi6.pro/misc/animui/SlideTransitionPane.src
../../build/current/sd/unxlngi6.pro/misc/animui/AnimationSchemesPane.src
../../build/current/sd/unxlngi6.pro/misc/animui/CustomAnimationPane.src
../../build/current/sd/unxlngi6.pro/misc/slideshow/slideshow.src
