../../build/current/sc/util/hidother.src
../../build/current/sc/addin/datefunc/dfa.src
../../build/current/sc/addin/rot13/rot13.src
../../build/current/sc/source/ui/src/crnrdlg.src
../../build/current/sc/source/ui/src/hdrcont.src
../../build/current/sc/source/ui/src/solvrdlg.src
../../build/current/sc/source/ui/src/miscdlgs.src
../../build/current/sc/source/ui/src/tabopdlg.src
../../build/current/sc/source/ui/src/popup.src
../../build/current/sc/source/ui/src/autofmt.src
../../build/current/sc/source/ui/src/toolbox.src
../../build/current/sc/source/ui/src/opredlin.src
../../build/current/sc/source/ui/src/namedlg.src
../../build/current/sc/source/ui/src/sortdlg.src
../../build/current/sc/source/ui/src/textdlgs.src
../../build/current/sc/source/ui/src/optdlg.src
../../build/current/sc/source/ui/src/scwarngs.src
../../build/current/sc/source/ui/src/scfuncs.src
../../build/current/sc/source/ui/src/filter.src
../../build/current/sc/source/ui/src/simpref.src
../../build/current/sc/source/ui/src/attrdlg.src
../../build/current/sc/source/ui/src/sc.src
../../build/current/sc/source/ui/src/globstr.src
../../build/current/sc/source/ui/src/scstring.src
../../build/current/sc/source/ui/src/dbnamdlg.src
../../build/current/sc/source/ui/src/subtdlg.src
../../build/current/sc/source/ui/src/pseudo.src
../../build/current/sc/source/ui/src/condfrmt.src
../../build/current/sc/source/ui/src/chartdlg.src
../../build/current/sc/source/ui/src/scerrors.src
../../build/current/sc/source/ui/dbgui/outline.src
../../build/current/sc/source/ui/dbgui/pvfundlg.src
../../build/current/sc/source/ui/dbgui/scendlg.src
../../build/current/sc/source/ui/dbgui/pivot.src
../../build/current/sc/source/ui/dbgui/dpgroupdlg.src
../../build/current/sc/source/ui/dbgui/dapitype.src
../../build/current/sc/source/ui/dbgui/imoptdlg.src
../../build/current/sc/source/ui/dbgui/consdlg.src
../../build/current/sc/source/ui/dbgui/validate.src
../../build/current/sc/source/ui/dbgui/asciiopt.src
../../build/current/sc/source/ui/drawfunc/objdraw.src
../../build/current/sc/source/ui/drawfunc/drformsh.src
../../build/current/sc/source/ui/styleui/scstyles.src
../../build/current/sc/source/ui/styleui/styledlg.src
../../build/current/sc/source/ui/formdlg/parawin.src
../../build/current/sc/source/ui/formdlg/dwfunctr.src
../../build/current/sc/source/ui/formdlg/formdlgs.src
../../build/current/sc/source/ui/navipi/navipi.src
../../build/current/sc/source/ui/miscdlgs/acredlin.src
../../build/current/sc/source/ui/miscdlgs/highred.src
../../build/current/sc/source/ui/miscdlgs/linkarea.src
../../build/current/sc/source/ui/miscdlgs/instbdlg.src
../../build/current/sc/source/ui/pagedlg/pagedlg.src
../../build/current/sc/source/ui/pagedlg/tphf.src
../../build/current/sc/source/ui/pagedlg/hfedtdlg.src
../../build/current/sc/source/ui/docshell/tpstat.src
../../build/current/sc/source/core/src/compiler.src
../../build/current/sd/util/hidother.src
../../build/current/sd/source/ui/app/tbxids_tmpl.src
../../build/current/sd/source/ui/app/popup2_tmpl.src
../../build/current/sd/source/ui/app/popup.src
../../build/current/sd/source/ui/app/toolbox.src
../../build/current/sd/source/ui/app/menuids2_tmpl.src
../../build/current/sd/source/ui/app/sdstring.src
../../build/current/sd/source/ui/app/menu_tmpl.src
../../build/current/sd/source/ui/app/strings.src
../../build/current/sd/source/ui/app/menuids_tmpl.src
../../build/current/sd/source/ui/app/accel_tmpl.src
../../build/current/sd/source/ui/app/tbx_ww.src
../../build/current/sd/source/ui/app/accelids_tmpl.src
../../build/current/sd/source/ui/app/menuportal_tmpl.src
../../build/current/sd/source/ui/app/menuids3_tmpl.src
../../build/current/sd/source/ui/app/app.src
../../build/current/sd/source/ui/app/res_bmp.src
../../build/current/sd/source/ui/app/pseudo.src
../../build/current/sd/source/ui/app/menuids4_tmpl.src
../../build/current/sd/source/ui/app/toolbox2_tmpl.src
../../build/current/sd/source/ui/dlg/headerfooterdlg.src
../../build/current/sd/source/ui/dlg/dlgfield.src
../../build/current/sd/source/ui/dlg/sdobjpal.src
../../build/current/sd/source/ui/dlg/morphdlg.src
../../build/current/sd/source/ui/dlg/PaneDockingWindow.src
../../build/current/sd/source/ui/dlg/dlgsnap.src
../../build/current/sd/source/ui/dlg/tpoption.src
../../build/current/sd/source/ui/dlg/present.src
../../build/current/sd/source/ui/dlg/sdpreslt.src
../../build/current/sd/source/ui/dlg/dlgass.src
../../build/current/sd/source/ui/dlg/tpaction.src
../../build/current/sd/source/ui/dlg/prntopts.src
../../build/current/sd/source/ui/dlg/prltempl.src
../../build/current/sd/source/ui/dlg/custsdlg.src
../../build/current/sd/source/ui/dlg/inspagob.src
../../build/current/sd/source/ui/dlg/paragr.src
../../build/current/sd/source/ui/dlg/dlgpage.src
../../build/current/sd/source/ui/dlg/vectdlg.src
../../build/current/sd/source/ui/dlg/dlgolbul.src
../../build/current/sd/source/ui/dlg/copydlg.src
../../build/current/sd/source/ui/dlg/dlg_char.src
../../build/current/sd/source/ui/dlg/printdlg.src
../../build/current/sd/source/ui/dlg/ins_page.src
../../build/current/sd/source/ui/dlg/animobjs.src
../../build/current/sd/source/ui/dlg/ins_paste.src
../../build/current/sd/source/ui/dlg/tabtempl.src
../../build/current/sd/source/ui/dlg/LayerDialog.src
../../build/current/sd/source/ui/dlg/masterlayoutdlg.src
../../build/current/sd/source/ui/dlg/navigatr.src
../../build/current/sd/source/ui/dlg/brkdlg.src
../../build/current/sd/source/ui/slidesorter/shell/SlideSorterChildWindow.src
../../build/current/sd/source/ui/notes/NotesChildWindow.src
../../build/current/sd/source/ui/toolpanel/ToolPanelChildWindow.src
../../build/current/sd/source/ui/animations/CustomAnimationCreateDialog.src
../../build/current/sd/source/ui/animations/CustomAnimationDialog.src
../../build/current/sd/source/ui/animations/CustomAnimation.src
../../build/current/sd/source/ui/animations/CustomAnimationSchemesPane.src
../../build/current/sd/source/ui/animations/SlideTransitionPane.src
../../build/current/sd/source/ui/animations/AnimationSchemesPane.src
../../build/current/sd/source/ui/animations/CustomAnimationPane.src
../../build/current/sd/source/ui/accessibility/accessibility.src
../../build/current/sd/source/ui/slideshow/slideshow.src
../../build/current/sd/source/core/glob.src
../../build/current/sd/source/filter/html/pubdlg.src
../../build/current/sw/sdi/swslots.src
../../build/current/sw/util/hidother.src
../../build/current/sw/source/ui/app/mn.src
../../build/current/sw/source/ui/app/app.src
../../build/current/sw/source/ui/app/error.src
../../build/current/sw/source/ui/web/web.src
../../build/current/sw/source/ui/dbui/addresslistdialog.src
../../build/current/sw/source/ui/dbui/customizeaddresslistdialog.src
../../build/current/sw/source/ui/dbui/mailmergewizard.src
../../build/current/sw/source/ui/dbui/mmlayoutpage.src
../../build/current/sw/source/ui/dbui/dbui.src
../../build/current/sw/source/ui/dbui/createaddresslistdialog.src
../../build/current/sw/source/ui/dbui/mmoutputpage.src
../../build/current/sw/source/ui/dbui/dbtablepreviewdialog.src
../../build/current/sw/source/ui/dbui/mmmergepage.src
../../build/current/sw/source/ui/dbui/dbinsdlg.src
../../build/current/sw/source/ui/dbui/selectdbtabledialog.src
../../build/current/sw/source/ui/dbui/mmoutputtypepage.src
../../build/current/sw/source/ui/dbui/mailmergechildwindow.src
../../build/current/sw/source/ui/dbui/mmpreparemergepage.src
../../build/current/sw/source/ui/dbui/mmdocselectpage.src
../../build/current/sw/source/ui/dbui/mmgreetingspage.src
../../build/current/sw/source/ui/dbui/mmaddressblockpage.src
../../build/current/sw/source/ui/misc/linenum.src
../../build/current/sw/source/ui/misc/outline.src
../../build/current/sw/source/ui/misc/glosbib.src
../../build/current/sw/source/ui/misc/pgfnote.src
../../build/current/sw/source/ui/misc/redlndlg.src
../../build/current/sw/source/ui/misc/glossary.src
../../build/current/sw/source/ui/misc/numberingtypelistbox.src
../../build/current/sw/source/ui/misc/autocorr.src
../../build/current/sw/source/ui/misc/insfnote.src
../../build/current/sw/source/ui/misc/srtdlg.src
../../build/current/sw/source/ui/misc/num.src
../../build/current/sw/source/ui/misc/pggrid.src
../../build/current/sw/source/ui/misc/bookmark.src
../../build/current/sw/source/ui/misc/docfnote.src
../../build/current/sw/source/ui/misc/insrule.src
../../build/current/sw/source/ui/docvw/docvw.src
../../build/current/sw/source/ui/docvw/access.src
../../build/current/sw/source/ui/fldui/javaedit.src
../../build/current/sw/source/ui/fldui/fldref.src
../../build/current/sw/source/ui/fldui/fldtdlg.src
../../build/current/sw/source/ui/fldui/fldfunc.src
../../build/current/sw/source/ui/fldui/flddok.src
../../build/current/sw/source/ui/fldui/flddinf.src
../../build/current/sw/source/ui/fldui/inpdlg.src
../../build/current/sw/source/ui/fldui/flddb.src
../../build/current/sw/source/ui/fldui/changedb.src
../../build/current/sw/source/ui/fldui/fldvar.src
../../build/current/sw/source/ui/fldui/DropDownFieldDialog.src
../../build/current/sw/source/ui/fldui/fldui.src
../../build/current/sw/source/ui/fmtui/tmpdlg.src
../../build/current/sw/source/ui/fmtui/fmtui.src
../../build/current/sw/source/ui/index/cnttab.src
../../build/current/sw/source/ui/index/multmrk.src
../../build/current/sw/source/ui/index/idxmrk.src
../../build/current/sw/source/ui/lingu/olmenu.src
../../build/current/sw/source/ui/table/colwd.src
../../build/current/sw/source/ui/table/rowht.src
../../build/current/sw/source/ui/table/tautofmt.src
../../build/current/sw/source/ui/table/splittbl.src
../../build/current/sw/source/ui/table/chartins.src
../../build/current/sw/source/ui/table/tabledlg.src
../../build/current/sw/source/ui/table/split.src
../../build/current/sw/source/ui/table/convert.src
../../build/current/sw/source/ui/table/insrc.src
../../build/current/sw/source/ui/table/table.src
../../build/current/sw/source/ui/table/mergetbl.src
../../build/current/sw/source/ui/table/instable.src
../../build/current/sw/source/ui/utlui/utlui.src
../../build/current/sw/source/ui/utlui/initui.src
../../build/current/sw/source/ui/utlui/navipi.src
../../build/current/sw/source/ui/utlui/attrdesc.src
../../build/current/sw/source/ui/utlui/gloslst.src
../../build/current/sw/source/ui/utlui/poolfmt.src
../../build/current/sw/source/ui/utlui/unotools.src
../../build/current/sw/source/ui/wrtsh/wrtsh.src
../../build/current/sw/source/ui/chrdlg/chardlg.src
../../build/current/sw/source/ui/chrdlg/swbreak.src
../../build/current/sw/source/ui/chrdlg/ccoll.src
../../build/current/sw/source/ui/chrdlg/paradlg.src
../../build/current/sw/source/ui/chrdlg/drpcps.src
../../build/current/sw/source/ui/chrdlg/chrdlg.src
../../build/current/sw/source/ui/chrdlg/numpara.src
../../build/current/sw/source/ui/config/mailconfigpage.src
../../build/current/sw/source/ui/config/optcomp.src
../../build/current/sw/source/ui/config/optdlg.src
../../build/current/sw/source/ui/config/optload.src
../../build/current/sw/source/ui/config/redlopt.src
../../build/current/sw/source/ui/dialog/abstract.src
../../build/current/sw/source/ui/dialog/docstdlg.src
../../build/current/sw/source/ui/dialog/ascfldlg.src
../../build/current/sw/source/ui/dialog/dialog.src
../../build/current/sw/source/ui/dialog/regionsw.src
../../build/current/sw/source/ui/dialog/wordcountdialog.src
../../build/current/sw/source/ui/dochdl/dochdl.src
../../build/current/sw/source/ui/dochdl/selglos.src
../../build/current/sw/source/ui/envelp/mailmrge.src
../../build/current/sw/source/ui/envelp/envelp.src
../../build/current/sw/source/ui/envelp/labprt.src
../../build/current/sw/source/ui/envelp/envlop.src
../../build/current/sw/source/ui/envelp/label.src
../../build/current/sw/source/ui/envelp/envfmt.src
../../build/current/sw/source/ui/envelp/labfmt.src
../../build/current/sw/source/ui/envelp/envprt.src
../../build/current/sw/source/ui/smartmenu/stmenu.src
../../build/current/sw/source/ui/frmdlg/frmpage.src
../../build/current/sw/source/ui/frmdlg/cption.src
../../build/current/sw/source/ui/frmdlg/column.src
../../build/current/sw/source/ui/frmdlg/wrap.src
../../build/current/sw/source/ui/frmdlg/frmui.src
../../build/current/sw/source/ui/globdoc/globdoc.src
../../build/current/sw/source/ui/ribbar/tbxanchr.src
../../build/current/sw/source/ui/ribbar/workctrl.src
../../build/current/sw/source/ui/ribbar/inputwin.src
../../build/current/sw/source/ui/ribbar/tblctrl.src
../../build/current/sw/source/ui/shells/shells.src
../../build/current/sw/source/ui/uiview/pview.src
../../build/current/sw/source/ui/uiview/view.src
../../build/current/sw/source/core/undo/undo.src
../../build/current/sch/util/hidother.src
../../build/current/sch/source/ui/app/res_hc_bmp.src
../../build/current/sch/source/ui/app/menu_tmpl.src
../../build/current/sch/source/ui/app/strings.src
../../build/current/sch/source/ui/app/menuids_tmpl.src
../../build/current/sch/source/ui/app/app.src
../../build/current/sch/source/ui/app/res_bmp.src
../../build/current/sch/source/ui/dlg/axisgrid.src
../../build/current/sch/source/ui/dlg/attrib2.src
../../build/current/sch/source/ui/dlg/attrib3.src
../../build/current/sch/source/ui/dlg/attrib4.src
../../build/current/sch/source/ui/dlg/tpappopt.src
../../build/current/sch/source/ui/dlg/tplabel.src
../../build/current/sch/source/ui/dlg/attrib.src
../../build/current/sch/source/ui/dlg/title.src
../../build/current/sch/source/ui/dlg/lightdlg.src
../../build/current/sch/source/ui/dlg/viewdlg.src
../../build/current/sch/source/ui/dlg/dgrdata.src
../../build/current/sch/source/ui/dlg/dlggraut.src
../../build/current/sch/source/ui/dlg/tpscaley.src
../../build/current/sch/source/ui/dlg/datdescr.src
../../build/current/sch/source/ui/dlg/legend.src
../../build/current/sch/source/ui/dlg/diagrtyp.src
../../build/current/sch/source/ui/dlg/datstat.src
../../build/current/sch/source/core/glob.src
../../build/current/so3/src/svuidlg.src
../../build/current/so3/src/formats.src
../../build/current/so3/src/nocode.src
../../build/current/so3/util/hidother.src
../../build/current/so3/workben/ddetest/ddetest.src
../../build/current/so3/workben/paintdlg.src
../../build/current/so3/workben/svser.src
../../build/current/so3/workben/paint.src
../../build/current/svx/util/hidother.src
../../build/current/svx/source/src/app.src
../../build/current/svx/source/form/fmstring.src
../../build/current/svx/source/form/filtnav.src
../../build/current/svx/source/form/fmexpl.src
../../build/current/svx/source/form/fmsearch.src
../../build/current/svx/source/form/tbxform.src
../../build/current/svx/source/form/formshell.src
../../build/current/svx/source/form/datanavi.src
../../build/current/svx/source/intro/ooo.src
../../build/current/svx/source/intro/iso.src
../../build/current/svx/source/items/svxitems.src
../../build/current/svx/source/items/svxerr.src
../../build/current/svx/source/editeng/editeng.src
../../build/current/svx/source/accessibility/accessibility.src
../../build/current/svx/source/mnuctrls/mnuctrls.src
../../build/current/svx/source/engine3d/float3d.src
../../build/current/svx/source/engine3d/string3d.src
../../build/current/svx/source/dialog/textanim.src
../../build/current/svx/source/dialog/hyperdlg.src
../../build/current/svx/source/dialog/textattr.src
../../build/current/svx/source/dialog/tabarea.src
../../build/current/svx/source/dialog/rubydialog.src
../../build/current/svx/source/dialog/frmdirlbox.src
../../build/current/svx/source/dialog/chardlg.src
../../build/current/svx/source/dialog/numfmt.src
../../build/current/svx/source/dialog/doclinkdialog.src
../../build/current/svx/source/dialog/treeopt.src
../../build/current/svx/source/dialog/page.src
../../build/current/svx/source/dialog/opthtml.src
../../build/current/svx/source/dialog/frmsel.src
../../build/current/svx/source/dialog/ruler.src
../../build/current/svx/source/dialog/optgdlg.src
../../build/current/svx/source/dialog/fontwork.src
../../build/current/svx/source/dialog/backgrnd.src
../../build/current/svx/source/dialog/SpellDialog.src
../../build/current/svx/source/dialog/labdlg.src
../../build/current/svx/source/dialog/charmap.src
../../build/current/svx/source/dialog/zoom.src
../../build/current/svx/source/dialog/border.src
../../build/current/svx/source/dialog/svuidlg.src
../../build/current/svx/source/dialog/impgrf.src
../../build/current/svx/source/dialog/dlgname.src
../../build/current/svx/source/dialog/test.src
../../build/current/svx/source/dialog/selector.src
../../build/current/svx/source/dialog/optupdt.src
../../build/current/svx/source/dialog/numpages.src
../../build/current/svx/source/dialog/thesdlg.src
../../build/current/svx/source/dialog/tabline.src
../../build/current/svx/source/dialog/srchdlg.src
../../build/current/svx/source/dialog/contdlg.src
../../build/current/svx/source/dialog/paragrph.src
../../build/current/svx/source/dialog/commonlingui.src
../../build/current/svx/source/dialog/sdstring.src
../../build/current/svx/source/dialog/optmemory.src
../../build/current/svx/source/dialog/grfflt.src
../../build/current/svx/source/dialog/langbox.src
../../build/current/svx/source/dialog/bbdlg.src
../../build/current/svx/source/dialog/hangulhanjadlg.src
../../build/current/svx/source/dialog/txenctab.src
../../build/current/svx/source/dialog/connpooloptions.src
../../build/current/svx/source/dialog/dbregister.src
../../build/current/svx/source/dialog/macropg.src
../../build/current/svx/source/dialog/fontsubs.src
../../build/current/svx/source/dialog/align.src
../../build/current/svx/source/dialog/hyprlink.src
../../build/current/svx/source/dialog/imapdlg.src
../../build/current/svx/source/dialog/dlgctrl.src
../../build/current/svx/source/dialog/tabstpge.src
../../build/current/svx/source/dialog/readonlyimage.src
../../build/current/svx/source/dialog/docrecovery.src
../../build/current/svx/source/dialog/hlmarkwn.src
../../build/current/svx/source/dialog/internationaloptions.src
../../build/current/svx/source/dialog/optjava.src
../../build/current/svx/source/dialog/language.src
../../build/current/svx/source/dialog/hdft.src
../../build/current/svx/source/dialog/lingu.src
../../build/current/svx/source/dialog/grfpage.src
../../build/current/svx/source/dialog/iconcdlg.src
../../build/current/svx/source/dialog/swframeposstrings.src
../../build/current/svx/source/dialog/connect.src
../../build/current/svx/source/dialog/bmpmask.src
../../build/current/svx/source/dialog/postdlg.src
../../build/current/svx/source/dialog/checklbx.src
../../build/current/svx/source/dialog/autocdlg.src
../../build/current/svx/source/dialog/measure.src
../../build/current/svx/source/dialog/cfg.src
../../build/current/svx/source/dialog/scriptdlg.src
../../build/current/svx/source/dialog/langtab.src
../../build/current/svx/source/dialog/srchxtra.src
../../build/current/svx/source/dialog/ctredlin.src
../../build/current/svx/source/dialog/passwd.src
../../build/current/svx/source/dialog/transfrm.src
../../build/current/svx/source/dialog/optfltr.src
../../build/current/svx/source/dialog/prtqry.src
../../build/current/svx/source/dialog/eventdlg.src
../../build/current/svx/source/dialog/hyphen.src
../../build/current/svx/source/dialog/swpossizetabpage.src
../../build/current/svx/source/dialog/dstribut.src
../../build/current/svx/source/svxlink/linkmgr.src
../../build/current/svx/source/fmcomp/gridctrl.src
../../build/current/svx/source/fmcomp/showcols.src
../../build/current/svx/source/outliner/outliner.src
../../build/current/svx/source/unodraw/unodraw.src
../../build/current/svx/source/svdraw/svdstr.src
../../build/current/svx/source/stbctrls/stbctrls.src
../../build/current/svx/source/unodialogs/textconversiondlgs/chinese_translationdialog.src
../../build/current/svx/source/unodialogs/textconversiondlgs/chinese_dictionarydialog.src
../../build/current/svx/source/toolbars/fontworkbar.src
../../build/current/svx/source/toolbars/extrusionbar.src
../../build/current/svx/source/options/optlingu.src
../../build/current/svx/source/options/optasian.src
../../build/current/svx/source/options/optdict.src
../../build/current/svx/source/options/optinet2.src
../../build/current/svx/source/options/optspell.src
../../build/current/svx/source/options/optsave.src
../../build/current/svx/source/options/optgrid.src
../../build/current/svx/source/options/multipat.src
../../build/current/svx/source/options/optcolor.src
../../build/current/svx/source/options/optpath.src
../../build/current/svx/source/options/optctl.src
../../build/current/svx/source/options/optaccessibility.src
../../build/current/svx/source/options/optjsearch.src
../../build/current/svx/source/options/optgenrl.src
../../build/current/svx/source/gallery2/gallery.src
../../build/current/svx/source/gallery2/galtheme.src
../../build/current/svx/source/tbxctrls/extrusioncontrols.src
../../build/current/svx/source/tbxctrls/tbcontrl.src
../../build/current/svx/source/tbxctrls/fontworkgallery.src
../../build/current/svx/source/tbxctrls/lboxctrl.src
../../build/current/svx/source/tbxctrls/linectrl.src
../../build/current/svx/source/tbxctrls/tbxdraw.src
../../build/current/svx/source/tbxctrls/grafctrl.src
../../build/current/svx/source/tbxctrls/colrctrl.src
../../build/current/vcl/source/src/menu.src
../../build/current/vcl/source/src/stdtext.src
../../build/current/vcl/source/src/images.src
../../build/current/vcl/source/src/helptext.src
../../build/current/vcl/source/src/btntext.src
../../build/current/vcl/source/src/units.src
../../build/current/uui/source/passworderrs.src
../../build/current/uui/source/logindlg.src
../../build/current/uui/source/passworddlg.src
../../build/current/uui/source/ids.src
../../build/current/uui/source/masterpassworddlg.src
../../build/current/uui/source/passcrtdlg.src
../../build/current/uui/source/cookiedg.src
../../build/current/uui/source/fltdlg.src
../../build/current/uui/source/masterpasscrtdlg.src
../../build/current/dbaccess/util/hidother.src
../../build/current/dbaccess/source/ui/app/app.src
../../build/current/dbaccess/source/ui/dlg/indexdialog.src
../../build/current/dbaccess/source/ui/dlg/RelationDlg.src
../../build/current/dbaccess/source/ui/dlg/queryfilter.src
../../build/current/dbaccess/source/ui/dlg/AdvancedPageDlg.src
../../build/current/dbaccess/source/ui/dlg/queryorder.src
../../build/current/dbaccess/source/ui/dlg/dbadmin.src
../../build/current/dbaccess/source/ui/dlg/dsselect.src
../../build/current/dbaccess/source/ui/dlg/paramdialog.src
../../build/current/dbaccess/source/ui/dlg/CollectionView.src
../../build/current/dbaccess/source/ui/dlg/sqlmessage.src
../../build/current/dbaccess/source/ui/dlg/UserAdmin.src
../../build/current/dbaccess/source/ui/dlg/ConnectionPage.src
../../build/current/dbaccess/source/ui/dlg/dlgattr.src
../../build/current/dbaccess/source/ui/dlg/AutoControls.src
../../build/current/dbaccess/source/ui/dlg/dlgsave.src
../../build/current/dbaccess/source/ui/dlg/UserAdminDlg.src
../../build/current/dbaccess/source/ui/dlg/directsql.src
../../build/current/dbaccess/source/ui/dlg/dlgsize.src
../../build/current/dbaccess/source/ui/dlg/AdabasStat.src
../../build/current/dbaccess/source/ui/dlg/dbfindex.src
../../build/current/dbaccess/source/ui/dlg/dbadminsetup.src
../../build/current/dbaccess/source/ui/dlg/AdabasStatDlg.src
../../build/current/dbaccess/source/ui/dlg/adtabdlg.src
../../build/current/dbaccess/source/ui/dlg/dbadmin2.src
../../build/current/dbaccess/source/ui/uno/dbinteraction.src
../../build/current/dbaccess/source/ui/misc/WizardPages.src
../../build/current/dbaccess/source/ui/misc/dbumiscres.src
../../build/current/dbaccess/source/ui/control/undosqledit.src
../../build/current/dbaccess/source/ui/control/TableGrantCtrl.src
../../build/current/dbaccess/source/ui/control/tabletree.src
../../build/current/dbaccess/source/ui/imagelists/dbimagelists.src
../../build/current/dbaccess/source/ui/relationdesign/relation.src
../../build/current/dbaccess/source/ui/tabledesign/table.src
../../build/current/dbaccess/source/ui/querydesign/querydlg.src
../../build/current/dbaccess/source/ui/querydesign/query.src
../../build/current/dbaccess/source/ui/browser/bcommon.src
../../build/current/dbaccess/source/ui/browser/sbagrid.src
../../build/current/dbaccess/source/ui/browser/sbabrw.src
../../build/current/dbaccess/source/core/resource/strings.src
../../build/current/dbaccess/source/sdbtools/resource/sdbt_strings.src
../../build/current/sfx2/util/hidother.src
../../build/current/sfx2/source/doc/sfxbasemodel.src
../../build/current/sfx2/source/doc/doctempl.src
../../build/current/sfx2/source/doc/doc.src
../../build/current/sfx2/source/doc/secmacrowarnings.src
../../build/current/sfx2/source/doc/new.src
../../build/current/sfx2/source/doc/docvor.src
../../build/current/sfx2/source/doc/graphhelp.src
../../build/current/sfx2/source/doc/doctdlg.src
../../build/current/sfx2/source/appl/dde.src
../../build/current/sfx2/source/appl/newhelp.src
../../build/current/sfx2/source/appl/sfx.src
../../build/current/sfx2/source/appl/app.src
../../build/current/sfx2/source/menu/menu.src
../../build/current/sfx2/source/view/view.src
../../build/current/sfx2/source/bastyp/fltfnc.src
../../build/current/sfx2/source/bastyp/bastyp.src
../../build/current/sfx2/source/config/config.src
../../build/current/sfx2/source/dialog/recfloat.src
../../build/current/sfx2/source/dialog/templdlg.src
../../build/current/sfx2/source/dialog/newstyle.src
../../build/current/sfx2/source/dialog/dinfdlg.src
../../build/current/sfx2/source/dialog/alienwarn.src
../../build/current/sfx2/source/dialog/dinfedt.src
../../build/current/sfx2/source/dialog/printopt.src
../../build/current/sfx2/source/dialog/srchdlg.src
../../build/current/sfx2/source/dialog/mailwindow.src
../../build/current/sfx2/source/dialog/dialog.src
../../build/current/sfx2/source/dialog/macropg.src
../../build/current/sfx2/source/dialog/versdlg.src
../../build/current/sfx2/source/dialog/mgetempl.src
../../build/current/sfx2/source/dialog/filedlghelper.src
../../build/current/sfx2/source/dialog/cfg.src
../../build/current/sfx2/source/dialog/passwd.src
../../build/current/framework/util/hidother.src
../../build/current/framework/source/classes/resource.src
../../build/current/desktop/util/hidother.src
../../build/current/desktop/source/app/desktop.src
../../build/current/desktop/source/deployment/gui/dp_gui_dependencydialog.src
../../build/current/desktop/source/deployment/gui/dp_gui_backend.src
../../build/current/desktop/source/deployment/gui/dp_gui_versionboxes.src
../../build/current/desktop/source/deployment/gui/dp_gui_updatedialog.src
../../build/current/desktop/source/deployment/gui/dp_gui_updateinstalldialog.src
../../build/current/desktop/source/deployment/gui/dp_gui_dialog.src
../../build/current/desktop/source/deployment/misc/dp_misc.src
../../build/current/desktop/source/deployment/manager/dp_manager.src
../../build/current/desktop/source/deployment/unopkg/unopkg.src
../../build/current/desktop/source/deployment/registry/sfwk/dp_sfwk.src
../../build/current/desktop/source/deployment/registry/component/dp_component.src
../../build/current/desktop/source/deployment/registry/dp_registry.src
../../build/current/desktop/source/deployment/registry/configuration/dp_configuration.src
../../build/current/desktop/source/deployment/registry/script/dp_script.src
../../build/current/desktop/source/deployment/registry/package/dp_package.src
../../build/current/desktop/source/migration/migration.src
../../build/current/desktop/source/migration/wizard.src
../../build/current/basic/source/app/basic.src
../../build/current/basic/source/app/ttmsg.src
../../build/current/basic/source/app/svtmsg.src
../../build/current/basic/source/app/testtool.src
../../build/current/basic/source/app/basmsg.src
../../build/current/basic/source/sbx/format.src
../../build/current/basic/source/classes/sb.src
../../build/current/basic/workben/basmgr.src
../../build/current/forms/source/resource/xforms.src
../../build/current/forms/source/resource/strings.src
../../build/current/scaddins/source/datefunc/datefunc.src
../../build/current/scaddins/source/analysis/analysis_deffuncnames.src
../../build/current/scaddins/source/analysis/analysis.src
../../build/current/scaddins/source/analysis/analysis_funcnames.src
../../build/current/basctl/util/hidother.src
../../build/current/basctl/source/dlged/dlgresid.src
../../build/current/basctl/source/dlged/managelang.src
../../build/current/basctl/source/basicide/tbxctl.src
../../build/current/basctl/source/basicide/moptions.src
../../build/current/basctl/source/basicide/macrodlg.src
../../build/current/basctl/source/basicide/objdlg.src
../../build/current/basctl/source/basicide/basidesh.src
../../build/current/basctl/source/basicide/moduldlg.src
../../build/current/basctl/source/basicide/brkdlg.src
../../build/current/chart2/source/controller/menu/ContextMenu.src
../../build/current/chart2/source/controller/menu/MainMenu.src
../../build/current/chart2/source/controller/dialogs/tp_DataLabel.src
../../build/current/chart2/source/controller/dialogs/Strings_ChartTypes.src
../../build/current/chart2/source/controller/dialogs/dlg_InsertTitle.src
../../build/current/chart2/source/controller/dialogs/Strings.src
../../build/current/chart2/source/controller/dialogs/tp_SeriesStatistic.src
../../build/current/chart2/source/controller/dialogs/dlg_InsertDataLabel.src
../../build/current/chart2/source/controller/dialogs/Strings_Statistic.src
../../build/current/chart2/source/controller/dialogs/dlg_InsertLegend.src
../../build/current/chart2/source/controller/dialogs/dlg_RotateDiagram.src
../../build/current/chart2/source/controller/dialogs/tp_PointGeometry.src
../../build/current/chart2/source/controller/dialogs/dlg_ObjectProperties.src
../../build/current/chart2/source/controller/dialogs/Bitmaps_HC.src
../../build/current/chart2/source/controller/dialogs/tp_TitleRotation.src
../../build/current/chart2/source/controller/dialogs/dlg_ChartType.src
../../build/current/chart2/source/controller/dialogs/Bitmaps.src
../../build/current/chart2/source/controller/dialogs/dlg_InsertStatistic.src
../../build/current/chart2/source/controller/dialogs/Strings_Scale.src
../../build/current/chart2/source/controller/dialogs/tp_LegendPosition.src
../../build/current/chart2/source/controller/dialogs/dlg_InsertAxis_Grid.src
../../build/current/chart2/source/controller/dialogs/tp_AxisLabel.src
../../build/current/chart2/source/controller/dialogs/tp_SeriesToAxis.src
../../build/current/chart2/source/controller/dialogs/tp_Scale.src
../../build/current/scsolver/source/ui/scsolver.src
../../build/current/automation/source/miniapp/servres.src
../../build/current/svtools/util/hidother.src
../../build/current/svtools/bmpmaker/bmp.src
../../build/current/svtools/source/uno/unoifac2.src
../../build/current/svtools/source/java/javaerror.src
../../build/current/svtools/source/java/patchjavaerror.src
../../build/current/svtools/source/misc/imagemgr.src
../../build/current/svtools/source/misc/iniman.src
../../build/current/svtools/source/misc/config.src
../../build/current/svtools/source/misc/errtxt.src
../../build/current/svtools/source/misc/ehdl.src
../../build/current/svtools/source/misc/helpagent.src
../../build/current/svtools/source/control/ctrlbox.src
../../build/current/svtools/source/control/ctrltool.src
../../build/current/svtools/source/control/calendar.src
../../build/current/svtools/source/control/filectrl.src
../../build/current/svtools/source/dialogs/colrdlg.src
../../build/current/svtools/source/dialogs/addresstemplate.src
../../build/current/svtools/source/dialogs/prnsetup.src
../../build/current/svtools/source/dialogs/formats.src
../../build/current/svtools/source/dialogs/filedlg2.src
../../build/current/svtools/source/dialogs/so3res.src
../../build/current/svtools/source/dialogs/printdlg.src
../../build/current/svtools/source/dialogs/logindlg.src
../../build/current/svtools/source/dialogs/wizardmachine.src
../../build/current/svtools/source/misc1/mediatyp.src
../../build/current/svtools/source/brwbox/editbrowsebox.src
../../build/current/svtools/source/contnr/fileview.src
../../build/current/svtools/source/contnr/svcontnr.src
../../build/current/svtools/source/contnr/templwin.src
../../build/current/svtools/source/items1/cstitem.src
../../build/current/svtools/source/filter.vcl/filter/dlgepng.src
../../build/current/svtools/source/filter.vcl/filter/dlgexpor.src
../../build/current/svtools/source/filter.vcl/filter/dlgejpg.src
../../build/current/svtools/source/filter.vcl/filter/strings.src
../../build/current/svtools/source/Accessibility/accessiblelistboxentry.src
../../build/current/svtools/source/productregistration/registrationdlg.src
../../build/current/svtools/source/plugapp/commtest.src
../../build/current/svtools/source/plugapp/testtool.src
../../build/current/fpicker/source/office/OfficeFilePicker.src
../../build/current/fpicker/source/office/iodlg.src
../../build/current/filter/source/pdf/impdialog.src
../../build/current/filter/source/pdf/pdf.src
../../build/current/filter/source/t602/t602filter.src
../../build/current/filter/source/flash/impswfdialog.src
../../build/current/filter/source/xsltdialog/xmlfiltertabdialog.src
../../build/current/filter/source/xsltdialog/xmlfiltersettingsdialog.src
../../build/current/filter/source/xsltdialog/xmlfileview.src
../../build/current/filter/source/xsltdialog/xmlfilterdialogstrings.src
../../build/current/filter/source/xsltdialog/hidother.src
../../build/current/filter/source/xsltdialog/xmlfiltertabpagexslt.src
../../build/current/filter/source/xsltdialog/xmlfiltertestdialog.src
../../build/current/filter/source/xsltdialog/xmlfiltertabpagebasic.src
../../build/current/toolkit/source/awt/accessiblestrings.src
../../build/current/toolkit/source/awt/xthrobber.src
../../build/current/xmlsecurity/source/dialogs/warnings.src
../../build/current/xmlsecurity/source/dialogs/macrosecurity.src
../../build/current/xmlsecurity/source/dialogs/certificatechooser.src
../../build/current/xmlsecurity/source/dialogs/digitalsignaturesdialog.src
../../build/current/xmlsecurity/source/dialogs/certificateviewer.src
../../build/current/xmlsecurity/source/component/warnbox.src
../../build/current/padmin/source/rtsetup.src
../../build/current/padmin/source/padialog.src
../../build/current/goodies/source/inv/strings.src
../../build/current/goodies/source/inv/gegner.src
../../build/current/goodies/source/filter.vcl/eps/epsstr.src
../../build/current/goodies/source/filter.vcl/eps/dlgeps.src
../../build/current/goodies/source/filter.vcl/egif/dlgegif.src
../../build/current/goodies/source/filter.vcl/egif/egifstr.src
../../build/current/goodies/source/filter.vcl/epbm/dlgepbm.src
../../build/current/goodies/source/filter.vcl/epbm/epbmstr.src
../../build/current/goodies/source/filter.vcl/epgm/dlgepgm.src
../../build/current/goodies/source/filter.vcl/epgm/epgmstr.src
../../build/current/goodies/source/filter.vcl/eppm/dlgeppm.src
../../build/current/goodies/source/filter.vcl/eppm/eppmstr.src
../../build/current/goodies/source/filter.vcl/epict/dlgepct.src
../../build/current/goodies/source/filter.vcl/epict/epictstr.src
../../build/current/goodies/source/filter.vcl/eos2met/dlgeos2.src
../../build/current/goodies/source/filter.vcl/eos2met/eos2mstr.src
../../build/current/ucbhelper/workben/ucbexplorer/ucbexplorer.src
../../build/current/starmath/util/hidother.src
../../build/current/starmath/source/commands.src
../../build/current/starmath/source/symbol.src
../../build/current/starmath/source/menu_tmpl.src
../../build/current/starmath/source/smres.src
../../build/current/extensions/qa/complex/extensions/orl_de.src
../../build/current/extensions/qa/complex/extensions/orl_en-US.src
../../build/current/extensions/util/hidother.src
../../build/current/extensions/source/bibliography/menu.src
../../build/current/extensions/source/bibliography/toolbar.src
../../build/current/extensions/source/bibliography/datman.src
../../build/current/extensions/source/bibliography/sections.src
../../build/current/extensions/source/bibliography/hidother.src
../../build/current/extensions/source/bibliography/bib.src
../../build/current/extensions/source/scanner/grid.src
../../build/current/extensions/source/scanner/sanedlg.src
../../build/current/extensions/source/dbpilots/dbpilots.src
../../build/current/extensions/source/dbpilots/gridpages.src
../../build/current/extensions/source/dbpilots/listcombopages.src
../../build/current/extensions/source/dbpilots/groupboxpages.src
../../build/current/extensions/source/dbpilots/commonpagesdbp.src
../../build/current/extensions/source/abpilot/abspilot.src
../../build/current/extensions/source/update/ui/updatecheckui.src
../../build/current/extensions/source/propctrlr/taborder.src
../../build/current/extensions/source/propctrlr/listselectiondlg.src
../../build/current/extensions/source/propctrlr/formlinkdialog.src
../../build/current/extensions/source/propctrlr/fontdialog.src
../../build/current/extensions/source/propctrlr/selectlabeldialog.src
../../build/current/extensions/source/propctrlr/pcrmiscres.src
../../build/current/extensions/source/propctrlr/formres.src
../../build/current/extensions/source/propctrlr/newdatatype.src
../../build/current/extensions/source/propctrlr/propres.src
../../build/current/extensions/source/preload/preload.src
../../build/current/extensions/workben/testresource.src
../../build/current/avmedia/util/hidother.src
../../build/current/avmedia/source/framework/mediacontrol.src
../../build/current/avmedia/source/viewer/mediawindow.src
../../build/current/connectivity/source/resource/conn_shared_res.src
../../build/current/connectivity/source/drivers/hsqldb/hsqlui.src
../../build/current/scripting/source/runtimemgr/ScriptExecDialog.src
../../build/current/wizards/util/hidother.src
../../build/current/wizards/source/euro/euro.src
../../build/current/wizards/source/imagelists/imagelists.src
../../build/current/wizards/source/webwizard/webwizar.src
../../build/current/wizards/source/template/template.src
../../build/current/wizards/source/schedule/schedule.src
../../build/current/wizards/source/importwizard/importwi.src
../../build/current/wizards/source/formwizard/dbwizres.src
